LINE 95
Mat Object: 3 MPI processes
  Mat Object: (is_) 1 MPI processes
row 0: (5, 10.) 
row 1: (1, 10.)  (3, 5.)  (4, 6.) 
row 2: (0, 8.)  (3, 11.) 
row 3:
row 4: (3, 4.) 
row 5:
row 6: (4, 1.) 
row 7: (1, -1.) 
row 8:
row 9:
row 10:
row 11:
row 12:
row 13:
row 14:
row 15:
row 16:
row 17:
row 18:
row 19:
row 20:
row 21:
row 22:
row 23:
  Mat Object: (is_) 1 MPI processes
row 0: (5, 10.) 
row 1: (1, 10.)  (3, 5.)  (4, 6.) 
row 2: (0, 8.)  (3, 11.) 
row 3:
row 4: (3, 4.) 
row 5:
row 6: (4, 1.) 
row 7: (1, -1.) 
row 8:
row 9:
row 10:
row 11:
row 12:
row 13:
row 14:
row 15:
  Mat Object: (is_) 1 MPI processes
row 0: (5, 10.) 
row 1: (1, 10.)  (3, 5.)  (4, 6.) 
row 2: (0, 8.)  (3, 11.) 
row 3:
row 4: (3, 4.) 
row 5:
row 6: (4, 1.) 
row 7: (1, -1.) 
LINE 96
Vec Object: 3 MPI processes
Process [0]
10.
21.
19.
0.
4.
0.
1.
-1.
Process [1]
10.
21.
19.
0.
4.
0.
1.
-1.
Process [2]
10.
21.
19.
0.
4.
0.
1.
-1.
LINE 99
Mat Object: 3 MPI processes
  Mat Object: (is_) 1 MPI processes
row 0: (5, 0.) 
row 1: (1, 0.)  (3, 0.)  (4, 0.) 
row 2: (0, 0.)  (3, 0.) 
row 3:
row 4: (3, 0.) 
row 5:
row 6: (4, 0.) 
row 7: (1, 0.) 
row 8:
row 9:
row 10:
row 11:
row 12:
row 13:
row 14:
row 15:
row 16:
row 17:
row 18:
row 19:
row 20:
row 21:
row 22:
row 23:
  Mat Object: (is_) 1 MPI processes
row 0: (5, 0.) 
row 1: (1, 0.)  (3, 0.)  (4, 0.) 
row 2: (0, 0.)  (3, 0.) 
row 3:
row 4: (3, 0.) 
row 5:
row 6: (4, 0.) 
row 7: (1, 0.) 
row 8:
row 9:
row 10:
row 11:
row 12:
row 13:
row 14:
row 15:
  Mat Object: (is_) 1 MPI processes
row 0: (5, 0.) 
row 1: (1, 0.)  (3, 0.)  (4, 0.) 
row 2: (0, 0.)  (3, 0.) 
row 3:
row 4: (3, 0.) 
row 5:
row 6: (4, 0.) 
row 7: (1, 0.) 
LINE 100
Vec Object: 3 MPI processes
Process [0]
10.
21.
19.
0.
4.
0.
1.
-1.
Process [1]
10.
21.
19.
0.
4.
0.
1.
-1.
Process [2]
10.
21.
19.
0.
4.
0.
1.
-1.
LINE 115
Mat Object: 3 MPI processes
  Mat Object: (is_) 1 MPI processes
row 0: (5, -10.) 
row 1: (1, -10.)  (3, -5.)  (4, -6.) 
row 2: (0, -8.)  (3, -11.) 
row 3:
row 4: (3, -4.) 
row 5:
row 6: (4, -1.) 
row 7: (1, 1.) 
row 8:
row 9:
row 10:
row 11:
row 12:
row 13:
row 14:
row 15:
row 16:
row 17:
row 18:
row 19:
row 20:
row 21:
row 22:
row 23:
  Mat Object: (is_) 1 MPI processes
row 0: (5, -10.) 
row 1: (1, -10.)  (3, -5.)  (4, -6.) 
row 2: (0, -8.)  (3, -11.) 
row 3:
row 4: (3, -4.) 
row 5:
row 6: (4, -1.) 
row 7: (1, 1.) 
row 8:
row 9:
row 10:
row 11:
row 12:
row 13:
row 14:
row 15:
  Mat Object: (is_) 1 MPI processes
row 0: (5, -10.) 
row 1: (1, -10.)  (3, -5.)  (4, -6.) 
row 2: (0, -8.)  (3, -11.) 
row 3:
row 4: (3, -4.) 
row 5:
row 6: (4, -1.) 
row 7: (1, 1.) 
LINE 127
Mat Object: 3 MPI processes
  Mat Object: (is_) 1 MPI processes
row 0: (5, 3.) 
row 1: (1, 8.)  (3, 5.)  (4, 6.) 
row 2: (0, 7.)  (3, 2.) 
row 3:
row 4: (3, 4.) 
row 5:
row 6: (4, 1.) 
row 7: (1, -1.) 
row 8:
row 9:
row 10:
row 11:
row 12:
row 13:
row 14:
row 15:
row 16:
row 17:
row 18:
row 19:
row 20:
row 21:
row 22:
row 23:
  Mat Object: (is_) 1 MPI processes
row 0: (5, 3.) 
row 1: (1, 8.)  (3, 5.)  (4, 6.) 
row 2: (0, 7.)  (3, 2.) 
row 3:
row 4: (3, 4.) 
row 5:
row 6: (4, 1.) 
row 7: (1, -1.) 
row 8:
row 9:
row 10:
row 11:
row 12:
row 13:
row 14:
row 15:
  Mat Object: (is_) 1 MPI processes
row 0: (5, 3.) 
row 1: (1, 8.)  (3, 5.)  (4, 6.) 
row 2: (0, 7.)  (3, 2.) 
row 3:
row 4: (3, 4.) 
row 5:
row 6: (4, 1.) 
row 7: (1, -1.) 
LINE 128
Vec Object: 3 MPI processes
Process [0]
3.
19.
9.
0.
4.
0.
1.
-1.
Process [1]
3.
19.
9.
0.
4.
0.
1.
-1.
Process [2]
3.
19.
9.
0.
4.
0.
1.
-1.
LINE 131
Mat Object: 3 MPI processes
  Mat Object: (is_) 1 MPI processes
row 0: (5, 0.) 
row 1: (1, 0.)  (3, 0.)  (4, 0.) 
row 2: (0, 0.)  (3, 0.) 
row 3:
row 4: (3, 0.) 
row 5:
row 6: (4, 0.) 
row 7: (1, 0.) 
row 8:
row 9:
row 10:
row 11:
row 12:
row 13:
row 14:
row 15:
row 16:
row 17:
row 18:
row 19:
row 20:
row 21:
row 22:
row 23:
  Mat Object: (is_) 1 MPI processes
row 0: (5, 0.) 
row 1: (1, 0.)  (3, 0.)  (4, 0.) 
row 2: (0, 0.)  (3, 0.) 
row 3:
row 4: (3, 0.) 
row 5:
row 6: (4, 0.) 
row 7: (1, 0.) 
row 8:
row 9:
row 10:
row 11:
row 12:
row 13:
row 14:
row 15:
  Mat Object: (is_) 1 MPI processes
row 0: (5, 0.) 
row 1: (1, 0.)  (3, 0.)  (4, 0.) 
row 2: (0, 0.)  (3, 0.) 
row 3:
row 4: (3, 0.) 
row 5:
row 6: (4, 0.) 
row 7: (1, 0.) 
LINE 132
Vec Object: 3 MPI processes
Process [0]
3.
19.
9.
0.
4.
0.
1.
-1.
Process [1]
3.
19.
9.
0.
4.
0.
1.
-1.
Process [2]
3.
19.
9.
0.
4.
0.
1.
-1.
LINE 142
Mat Object: 3 MPI processes
  Mat Object: (is_) 1 MPI processes
row 0: (5, 3.) 
row 1: (1, 8.)  (3, 5.)  (4, 6.) 
row 2: (0, 7.)  (3, 2.) 
row 3:
row 4: (3, 4.) 
row 5:
row 6: (4, 1.) 
row 7: (1, -1.) 
row 8:
row 9:
row 10:
row 11:
row 12:
row 13:
row 14:
row 15:
row 16:
row 17:
row 18:
row 19:
row 20:
row 21:
row 22:
row 23:
  Mat Object: (is_) 1 MPI processes
row 0: (5, 3.) 
row 1: (1, 8.)  (3, 5.)  (4, 6.) 
row 2: (0, 7.)  (3, 2.) 
row 3:
row 4: (3, 4.) 
row 5:
row 6: (4, 1.) 
row 7: (1, -1.) 
row 8:
row 9:
row 10:
row 11:
row 12:
row 13:
row 14:
row 15:
  Mat Object: (is_) 1 MPI processes
row 0: (5, 3.) 
row 1: (1, 8.)  (3, 5.)  (4, 6.) 
row 2: (0, 7.)  (3, 2.) 
row 3:
row 4: (3, 4.) 
row 5:
row 6: (4, 1.) 
row 7: (1, -1.) 
LINE 143
Vec Object: 3 MPI processes
Process [0]
3.
19.
9.
0.
4.
0.
1.
-1.
Process [1]
3.
19.
9.
0.
4.
0.
1.
-1.
Process [2]
3.
19.
9.
0.
4.
0.
1.
-1.
LINE 146
Mat Object: 3 MPI processes
  Mat Object: (is_) 1 MPI processes
row 0: (5, -3.) 
row 1: (1, -8.)  (3, -5.)  (4, -6.) 
row 2: (0, -7.)  (3, -2.) 
row 3:
row 4: (3, -4.) 
row 5:
row 6: (4, -1.) 
row 7: (1, 1.) 
row 8:
row 9:
row 10:
row 11:
row 12:
row 13:
row 14:
row 15:
row 16:
row 17:
row 18:
row 19:
row 20:
row 21:
row 22:
row 23:
  Mat Object: (is_) 1 MPI processes
row 0: (5, -3.) 
row 1: (1, -8.)  (3, -5.)  (4, -6.) 
row 2: (0, -7.)  (3, -2.) 
row 3:
row 4: (3, -4.) 
row 5:
row 6: (4, -1.) 
row 7: (1, 1.) 
row 8:
row 9:
row 10:
row 11:
row 12:
row 13:
row 14:
row 15:
  Mat Object: (is_) 1 MPI processes
row 0: (5, -3.) 
row 1: (1, -8.)  (3, -5.)  (4, -6.) 
row 2: (0, -7.)  (3, -2.) 
row 3:
row 4: (3, -4.) 
row 5:
row 6: (4, -1.) 
row 7: (1, 1.) 
LINE 147
Vec Object: 3 MPI processes
Process [0]
0.
0.
0.
0.
0.
0.
0.
0.
Process [1]
0.
0.
0.
0.
0.
0.
0.
0.
Process [2]
0.
0.
0.
0.
0.
0.
0.
0.
