Test MatGetInfo
Process   0: 15 30 15 1 0
Process   1: 15 30 15 1 0
Process   2: 15 30 15 1 0
GlobalMax  : 15 30 15 1 0
GlobalSum  : 45 90 45 1 0
Test MatIsSymmetric: 0
Test MatView
Mat Object: 3 MPI processes
  type: is
  Mat Object: (is_) 1 MPI processes
    type: seqaij
row 0: (0, 2.)  (1, -1.)  (6, -1.) 
row 1: (0, -2.)  (1, 4.)  (2, -2.) 
row 2: (1, -3.)  (2, 6.)  (3, -3.) 
row 3: (2, -4.)  (3, 8.)  (4, -4.) 
row 4: (3, -5.)  (4, 10.)  (5, -5.) 
  Mat Object: (is_) 1 MPI processes
    type: seqaij
row 0: (0, 2.)  (1, -1.)  (6, -1.) 
row 1: (0, -2.)  (1, 4.)  (2, -2.) 
row 2: (1, -3.)  (2, 6.)  (3, -3.) 
row 3: (2, -4.)  (3, 8.)  (4, -4.) 
row 4: (3, -5.)  (4, 10.)  (5, -5.) 
  Mat Object: (is_) 1 MPI processes
    type: seqaij
row 0: (0, 2.)  (1, -1.)  (6, -1.) 
row 1: (0, -2.)  (1, 4.)  (2, -2.) 
row 2: (1, -3.)  (2, 6.)  (3, -3.) 
row 3: (2, -4.)  (3, 8.)  (4, -4.) 
row 4: (3, -5.)  (4, 10.)  (5, -5.) 
Mat Object: 3 MPI processes
  type: mpiaij
row 0: (3, -15.)  (4, 30.)  (5, -15.) 
row 1: (2, -12.)  (3, 24.)  (4, -12.) 
row 2: (1, -9.)  (2, 18.)  (3, -9.) 
row 3: (0, -6.)  (1, 12.)  (2, -6.) 
row 4: (0, 6.)  (1, -3.)  (6, -3.) 
Test CheckMat
Test MatDuplicate and MatAXPY
Test MatConvert_IS_XAIJ
Test MatConvert_XAIJ_IS
Test MatDiagonalScale
Test MatGetLocalSubMatrix
Test MatConvert_Nest_IS
Test MatCreateSubMatrix
IS Object: 3 MPI processes
  type: stride
[0] Number of indices in (stride) set 1
[0] 0 3
[1] Number of indices in (stride) set 0
[2] Number of indices in (stride) set 0
Test MatZeroRows (diag zero)
Test MatMissingDiagonal
[0] [0,2) Missing 0, row -1 (diag zero)
[1] [2,4) Missing 1, row 3 (diag zero)
[2] [4,5) Missing 0, row -1 (diag zero)
Test MatTranspose
Test MatISFixLocalEmpty
