Test MatGetInfo
Process   0: 33 42 9 1 0
Process   1: 33 42 9 1 0
Process   2: 33 42 9 1 0
GlobalMax  : 33 42 9 1 0
GlobalSum  : 99 126 27 1 0
Test MatIsSymmetric: 0
Test MatView
Mat Object: 3 MPI processes
  type: is
  Mat Object: (is_) 1 MPI processes
    type: seqaij
row 0: (0, -12.)  (1, -1.)  (5, -14.)  (6, 27.) 
row 1: (0, -2.)  (1, 4.)  (2, -2.)  (4, -13.)  (5, 26.)  (6, -13.) 
row 2: (1, -3.)  (2, 6.)  (3, -15.)  (4, 24.)  (5, -12.) 
row 3: (2, -15.)  (3, 30.)  (4, -15.) 
row 4: (1, -10.)  (2, 20.)  (3, -15.)  (4, 10.)  (5, -5.) 
row 5: (0, -9.)  (1, 18.)  (2, -9.)  (4, -6.)  (5, 12.)  (6, -6.) 
row 6: (0, 9.)  (1, -8.)  (5, -7.)  (6, 6.) 
  Mat Object: (is_) 1 MPI processes
    type: seqaij
row 0: (0, -12.)  (1, -1.)  (5, -14.)  (6, 27.) 
row 1: (0, -2.)  (1, 4.)  (2, -2.)  (4, -13.)  (5, 26.)  (6, -13.) 
row 2: (1, -3.)  (2, 6.)  (3, -15.)  (4, 24.)  (5, -12.) 
row 3: (2, -15.)  (3, 30.)  (4, -15.) 
row 4: (1, -10.)  (2, 20.)  (3, -15.)  (4, 10.)  (5, -5.) 
row 5: (0, -9.)  (1, 18.)  (2, -9.)  (4, -6.)  (5, 12.)  (6, -6.) 
row 6: (0, 9.)  (1, -8.)  (5, -7.)  (6, 6.) 
  Mat Object: (is_) 1 MPI processes
    type: seqaij
row 0: (0, -12.)  (1, -1.)  (5, -14.)  (6, 27.) 
row 1: (0, -2.)  (1, 4.)  (2, -2.)  (4, -13.)  (5, 26.)  (6, -13.) 
row 2: (1, -3.)  (2, 6.)  (3, -15.)  (4, 24.)  (5, -12.) 
row 3: (2, -15.)  (3, 30.)  (4, -15.) 
row 4: (1, -10.)  (2, 20.)  (3, -15.)  (4, 10.)  (5, -5.) 
row 5: (0, -9.)  (1, 18.)  (2, -9.)  (4, -6.)  (5, 12.)  (6, -6.) 
row 6: (0, 9.)  (1, -8.)  (5, -7.)  (6, 6.) 
Mat Object: 3 MPI processes
  type: mpiaij
row 0: (0, -36.)  (1, -3.)  (5, -42.)  (6, 81.) 
row 1: (0, -6.)  (1, 12.)  (2, -6.)  (4, -39.)  (5, 78.)  (6, -39.) 
row 2: (1, -9.)  (2, 18.)  (3, -45.)  (4, 72.)  (5, -36.) 
row 3: (2, -45.)  (3, 90.)  (4, -45.) 
row 4: (1, -30.)  (2, 60.)  (3, -45.)  (4, 30.)  (5, -15.) 
row 5: (0, -27.)  (1, 54.)  (2, -27.)  (4, -18.)  (5, 36.)  (6, -18.) 
row 6: (0, 27.)  (1, -24.)  (5, -21.)  (6, 18.) 
Test CheckMat
Test MatDuplicate and MatAXPY
Test MatConvert_IS_XAIJ
Test MatConvert_XAIJ_IS
Test MatDiagonalScale
Test MatPtAP
Test MatGetLocalSubMatrix
Test MatConvert_Nest_IS
Test MatCreateSubMatrix
Test MatDiagonalSet
Test MatShift
IS Object: 3 MPI processes
  type: stride
[0] Number of indices in (stride) set 2
[0] 0 4
[0] 1 5
[1] Number of indices in (stride) set 0
[2] Number of indices in (stride) set 0
Test MatZeroRows (diag nonzero)
Test MatZeroRowsColumns (diag nonzero)
Test MatMissingDiagonal
[0] [0,3) Missing 0, row -1 (diag nonzero)
[1] [3,5) Missing 0, row -1 (diag nonzero)
[2] [5,7) Missing 0, row -1 (diag nonzero)
IS Object: 3 MPI processes
  type: stride
[0] Number of indices in (stride) set 2
[0] 0 4
[0] 1 5
[1] Number of indices in (stride) set 0
[2] Number of indices in (stride) set 0
Test MatZeroRows (diag zero)
Test MatZeroRowsColumns (diag zero)
Test MatMissingDiagonal
[0] [0,3) Missing 0, row -1 (diag zero)
[1] [3,5) Missing 1, row 4 (diag zero)
[2] [5,7) Missing 1, row 5 (diag zero)
Test MatTranspose
Test MatISFixLocalEmpty
Test MatInvertBlockDiagonal blockdiag 7 0 0 1
Test MatInvertBlockDiagonal blockdiag 7 0 0 2
Test MatInvertBlockDiagonal blockdiag 7 0 0 3
Test MatInvertBlockDiagonal blockdiag 7 0 1 1
Test MatInvertBlockDiagonal blockdiag 7 0 1 2
Test MatInvertBlockDiagonal blockdiag 7 0 1 3
Test MatInvertBlockDiagonal blockdiag 7 0 2 1
Test MatInvertBlockDiagonal blockdiag 7 0 2 2
Test MatInvertBlockDiagonal blockdiag 7 0 2 3
Test MatInvertBlockDiagonal blockdiag 7 1 0 1
Test MatInvertBlockDiagonal blockdiag 7 1 0 2
Test MatInvertBlockDiagonal blockdiag 7 1 0 3
Test MatInvertBlockDiagonal blockdiag 7 1 1 1
Test MatInvertBlockDiagonal blockdiag 7 1 1 2
Test MatInvertBlockDiagonal blockdiag 7 1 1 3
Test MatInvertBlockDiagonal blockdiag 7 1 2 1
Test MatInvertBlockDiagonal blockdiag 7 1 2 2
Test MatInvertBlockDiagonal blockdiag 7 1 2 3
Test MatInvertBlockDiagonal blockdiag 7 2 0 1
Test MatInvertBlockDiagonal blockdiag 7 2 0 2
Test MatInvertBlockDiagonal blockdiag 7 2 0 3
Test MatInvertBlockDiagonal blockdiag 7 2 1 1
Test MatInvertBlockDiagonal blockdiag 7 2 1 2
Test MatInvertBlockDiagonal blockdiag 7 2 1 3
Test MatInvertBlockDiagonal blockdiag 7 2 2 1
Test MatInvertBlockDiagonal blockdiag 7 2 2 2
Test MatInvertBlockDiagonal blockdiag 7 2 2 3
