Data matrix size: 3 4
Data matrix norms: 46.903 42.6391 36.2362
Autocorrelation matrix norms: 1454.47 1454.47 1309.7
Data matrix size: 3 4
Data matrix norms: 46.903 42.6391 36.2362
Autocorrelation matrix norms: 1454.47 1454.47 1309.7
