Data matrix size: 10 882
Data matrix norms: 6.42946 787.279 50.5381
Autocorrelation matrix norms: 2289.51 2289.51 1597.09
Data matrix size: 10 882
Data matrix norms: 6.42946 787.279 50.5381
Autocorrelation matrix norms: 2289.51 2289.51 1597.09
