INERTIA=0
NOT Solving the intermediate KSP
Setting A
INERTIA=0
