DM Object: box 4 MPI processes
  type: plex
box in 3 dimensions:
  Number of 0-cells per rank: 125 125 125 125
  Number of 1-cells per rank: 300 300 300 300
  Number of 2-cells per rank: 240 240 240 240
  Number of 3-cells per rank: 64 64 64 64
Labels:
  celltype: 4 strata with value/size (0 (125), 1 (300), 4 (240), 7 (64))
  depth: 4 strata with value/size (0 (125), 1 (300), 2 (240), 3 (64))
  marker: 1 strata with value/size (1 (312))
  Face Sets: 5 strata with value/size (1 (36), 3 (36), 4 (36), 5 (36), 6 (36))
