DM Object: 2 MPI processes
  type: stag
Dimension: 2
Global sizes: 4 x 6
Parallel decomposition: 1 x 2 ranks
Boundary ghosting: NONE NONE
Elementwise ghost stencil: BOX, width 1
0 DOF per vertex  (0D)
2 DOF per face  (1D)
1 DOF per element (2D)
[0] Rank coordinates (0,0)
[0] Local elements : 4 x 3 (5 x 4 with ghosts)
[0] Local native entries: 66
[0] Local entries total : 100
[1] Rank coordinates (0,1)
[1] Local elements : 4 x 3 (5 x 5 with ghosts)
[1] Local native entries: 74
[1] Local entries total : 125
Test 1
IS Object: 2 MPI processes
  type: general
[0] Number of indices in set 12
[0] 0 4
[0] 1 9
[0] 2 14
[0] 3 19
[0] 4 26
[0] 5 31
[0] 6 36
[0] 7 41
[0] 8 48
[0] 9 53
[0] 10 58
[0] 11 63
[1] Number of indices in set 12
[1] 0 70
[1] 1 75
[1] 2 80
[1] 3 85
[1] 4 92
[1] 5 97
[1] 6 102
[1] 7 107
[1] 8 114
[1] 9 119
[1] 10 124
[1] 11 129
Test 2
IS Object: 2 MPI processes
  type: general
[0] Number of indices in set 15
[0] 0 2
[0] 1 7
[0] 2 12
[0] 3 17
[0] 4 20
[0] 5 24
[0] 6 29
[0] 7 34
[0] 8 39
[0] 9 42
[0] 10 46
[0] 11 51
[0] 12 56
[0] 13 61
[0] 14 64
[1] Number of indices in set 15
[1] 0 68
[1] 1 73
[1] 2 78
[1] 3 83
[1] 4 86
[1] 5 90
[1] 6 95
[1] 7 100
[1] 8 105
[1] 9 108
[1] 10 112
[1] 11 117
[1] 12 122
[1] 13 127
[1] 14 130
Test 3
IS Object: 2 MPI processes
  type: general
[0] Number of indices in set 27
[0] 0 0
[0] 1 2
[0] 2 5
[0] 3 7
[0] 4 10
[0] 5 12
[0] 6 15
[0] 7 17
[0] 8 20
[0] 9 22
[0] 10 24
[0] 11 27
[0] 12 29
[0] 13 32
[0] 14 34
[0] 15 37
[0] 16 39
[0] 17 42
[0] 18 44
[0] 19 46
[0] 20 49
[0] 21 51
[0] 22 54
[0] 23 56
[0] 24 59
[0] 25 61
[0] 26 64
[1] Number of indices in set 31
[1] 0 66
[1] 1 68
[1] 2 71
[1] 3 73
[1] 4 76
[1] 5 78
[1] 6 81
[1] 7 83
[1] 8 86
[1] 9 88
[1] 10 90
[1] 11 93
[1] 12 95
[1] 13 98
[1] 14 100
[1] 15 103
[1] 16 105
[1] 17 108
[1] 18 110
[1] 19 112
[1] 20 115
[1] 21 117
[1] 22 120
[1] 23 122
[1] 24 125
[1] 25 127
[1] 26 130
[1] 27 132
[1] 28 134
[1] 29 136
[1] 30 138
Test 4
IS Object: 2 MPI processes
  type: general
[0] Number of indices in set 42
[0] 0 0
[0] 1 2
[0] 2 3
[0] 3 5
[0] 4 7
[0] 5 8
[0] 6 10
[0] 7 12
[0] 8 13
[0] 9 15
[0] 10 17
[0] 11 18
[0] 12 20
[0] 13 21
[0] 14 22
[0] 15 24
[0] 16 25
[0] 17 27
[0] 18 29
[0] 19 30
[0] 20 32
[0] 21 34
[0] 22 35
[0] 23 37
[0] 24 39
[0] 25 40
[0] 26 42
[0] 27 43
[0] 28 44
[0] 29 46
[0] 30 47
[0] 31 49
[0] 32 51
[0] 33 52
[0] 34 54
[0] 35 56
[0] 36 57
[0] 37 59
[0] 38 61
[0] 39 62
[0] 40 64
[0] 41 65
[1] Number of indices in set 46
[1] 0 66
[1] 1 68
[1] 2 69
[1] 3 71
[1] 4 73
[1] 5 74
[1] 6 76
[1] 7 78
[1] 8 79
[1] 9 81
[1] 10 83
[1] 11 84
[1] 12 86
[1] 13 87
[1] 14 88
[1] 15 90
[1] 16 91
[1] 17 93
[1] 18 95
[1] 19 96
[1] 20 98
[1] 21 100
[1] 22 101
[1] 23 103
[1] 24 105
[1] 25 106
[1] 26 108
[1] 27 109
[1] 28 110
[1] 29 112
[1] 30 113
[1] 31 115
[1] 32 117
[1] 33 118
[1] 34 120
[1] 35 122
[1] 36 123
[1] 37 125
[1] 38 127
[1] 39 128
[1] 40 130
[1] 41 131
[1] 42 132
[1] 43 134
[1] 44 136
[1] 45 138
