DM Object: 1 MPI processes
  type: stag
Dimension: 1
Global size: 4
Boundary ghosting: PERIODIC
Elementwise ghost stencil: BOX, width 1
1 DOF per vertex  (0D)
1 DOF per element (1D)
[0] Local elements : 4 (6 with ghosts)
[0] Local native entries: 8
[0] Local entries total : 12
2 Norm of test vector: 5.65685
