  ---------- Testing Jacobian -------------
  Run with -snes_test_jacobian_view and optionally -snes_test_jacobian <threshold> to show difference
    of hand-coded and finite difference Jacobian entries greater than <threshold>.
  Testing hand-coded Jacobian, if (for double precision runs) ||J - Jfd||_F/||J||_F is
    O(1.e-8), the hand-coded Jacobian is probably correct.
  ||J - Jfd||_F/||J||_F = 3.28324e-08, ||J - Jfd||_F = 4.13125e-05
  ---------- Testing Jacobian -------------
  ||J - Jfd||_F/||J||_F = 4.16409e-08, ||J - Jfd||_F = 2.32871e-05
