DM Object: 1 MPI processes
  type: stag
Dimension: 2
Global sizes: 2 x 2
Parallel decomposition: 1 x 1 ranks
Boundary ghosting: NONE NONE
Elementwise ghost stencil: BOX, width 1
2 DOF per vertex  (0D)
3 DOF per face  (1D)
4 DOF per element (2D)
[0] Rank coordinates (0,0)
[0] Local elements : 2 x 2 (3 x 3 with ghosts)
[0] Local native entries: 70
[0] Local entries total : 108
Vec Object: coordinates 1 MPI processes
  type: mpi
Process [0]
1.
1.
1.5
1.
1.
1.5
1.5
1.5
2.
1.
2.5
1.
2.
1.5
2.5
1.5
3.
1.
3.
1.5
1.
2.
1.5
2.
1.
2.5
1.5
2.5
2.
2.
2.5
2.
2.
2.5
2.5
2.5
3.
2.
3.
2.5
1.
3.
1.5
3.
2.
3.
2.5
3.
3.
3.
