DM Object: Generated Mesh 2 MPI processes
  type: plex
Generated Mesh in 2 dimensions:
  Number of 0-cells per rank: 17 17
  Number of 1-cells per rank: 32 32
  Number of 2-cells per rank: 16 16
Labels:
  celltype: 3 strata with value/size (1 (32), 3 (16), 0 (17))
  depth: 3 strata with value/size (0 (17), 1 (32), 2 (16))
  marker: 1 strata with value/size (1 (18))
  Face Sets: 1 strata with value/size (1 (12))
