DM Object: Generated Mesh 4 MPI processes
  type: plex
Generated Mesh in 3 dimensions:
  Number of 0-cells per rank: 610 690 680 630
  Number of 1-cells per rank: 2149 (549) 2291 (621) 2282 (612) 2167 (567)
  Number of 2-cells per rank: 2430 (1440) 2493 (1503) 2493 (1503) 2430 (1440)
  Number of 3-cells per rank: 891 891 891 891
Labels:
  celltype: 6 strata with value/size (3 (990), 9 (891), 0 (610), 1 (1600), 5 (1440), 2 (549))
  depth: 4 strata with value/size (0 (610), 1 (2149), 2 (2430), 3 (891))
