DM Object: Generated Mesh 2 MPI processes
  type: plex
Generated Mesh in 2 dimensions:
Supports:
[0] Max support size: 6
[0]: 16 ----> 45
[0]: 16 ----> 50
[0]: 17 ----> 46
[0]: 17 ----> 47
[0]: 17 ----> 57
[0]: 18 ----> 60
[0]: 18 ----> 61
[0]: 19 ----> 48
[0]: 19 ----> 49
[0]: 19 ----> 54
[0]: 19 ----> 55
[0]: 20 ----> 51
[0]: 20 ----> 56
[0]: 20 ----> 58
[0]: 20 ----> 59
[0]: 20 ----> 64
[0]: 21 ----> 62
[0]: 21 ----> 63
[0]: 22 ----> 52
[0]: 22 ----> 53
[0]: 23 ----> 33
[0]: 23 ----> 35
[0]: 23 ----> 45
[0]: 23 ----> 46
[0]: 24 ----> 33
[0]: 24 ----> 34
[0]: 24 ----> 39
[0]: 24 ----> 41
[0]: 24 ----> 47
[0]: 24 ----> 48
[0]: 25 ----> 34
[0]: 25 ----> 35
[0]: 25 ----> 49
[0]: 25 ----> 50
[0]: 26 ----> 36
[0]: 26 ----> 38
[0]: 26 ----> 51
[0]: 26 ----> 52
[0]: 27 ----> 36
[0]: 27 ----> 37
[0]: 27 ----> 53
[0]: 27 ----> 54
[0]: 28 ----> 37
[0]: 28 ----> 38
[0]: 28 ----> 40
[0]: 28 ----> 41
[0]: 28 ----> 55
[0]: 28 ----> 56
[0]: 29 ----> 39
[0]: 29 ----> 40
[0]: 29 ----> 57
[0]: 29 ----> 58
[0]: 30 ----> 42
[0]: 30 ----> 44
[0]: 30 ----> 59
[0]: 30 ----> 60
[0]: 31 ----> 42
[0]: 31 ----> 43
[0]: 31 ----> 61
[0]: 31 ----> 62
[0]: 32 ----> 43
[0]: 32 ----> 44
[0]: 32 ----> 63
[0]: 32 ----> 64
[0]: 33 ----> 1
[0]: 33 ----> 3
[0]: 34 ----> 2
[0]: 34 ----> 3
[0]: 35 ----> 0
[0]: 35 ----> 3
[0]: 36 ----> 5
[0]: 36 ----> 7
[0]: 37 ----> 6
[0]: 37 ----> 7
[0]: 38 ----> 4
[0]: 38 ----> 7
[0]: 39 ----> 9
[0]: 39 ----> 11
[0]: 40 ----> 10
[0]: 40 ----> 11
[0]: 41 ----> 8
[0]: 41 ----> 11
[0]: 42 ----> 13
[0]: 42 ----> 15
[0]: 43 ----> 14
[0]: 43 ----> 15
[0]: 44 ----> 12
[0]: 44 ----> 15
[0]: 45 ----> 0
[0]: 46 ----> 1
[0]: 47 ----> 1
[0]: 47 ----> 9
[0]: 48 ----> 2
[0]: 48 ----> 8
[0]: 49 ----> 2
[0]: 50 ----> 0
[0]: 51 ----> 4
[0]: 52 ----> 5
[0]: 53 ----> 5
[0]: 54 ----> 6
[0]: 55 ----> 6
[0]: 55 ----> 8
[0]: 56 ----> 4
[0]: 56 ----> 10
[0]: 57 ----> 9
[0]: 58 ----> 10
[0]: 59 ----> 12
[0]: 60 ----> 13
[0]: 61 ----> 13
[0]: 62 ----> 14
[0]: 63 ----> 14
[0]: 64 ----> 12
[1] Max support size: 6
[1]: 16 ----> 47
[1]: 16 ----> 53
[1]: 17 ----> 50
[1]: 17 ----> 54
[1]: 18 ----> 45
[1]: 18 ----> 48
[1]: 18 ----> 49
[1]: 18 ----> 52
[1]: 18 ----> 62
[1]: 19 ----> 51
[1]: 19 ----> 56
[1]: 19 ----> 57
[1]: 20 ----> 46
[1]: 20 ----> 64
[1]: 21 ----> 55
[1]: 21 ----> 60
[1]: 21 ----> 61
[1]: 21 ----> 63
[1]: 22 ----> 58
[1]: 22 ----> 59
[1]: 23 ----> 43
[1]: 23 ----> 44
[1]: 23 ----> 45
[1]: 23 ----> 46
[1]: 24 ----> 33
[1]: 24 ----> 34
[1]: 24 ----> 47
[1]: 24 ----> 48
[1]: 25 ----> 33
[1]: 25 ----> 35
[1]: 25 ----> 49
[1]: 25 ----> 50
[1]: 26 ----> 40
[1]: 26 ----> 41
[1]: 26 ----> 51
[1]: 26 ----> 52
[1]: 27 ----> 34
[1]: 27 ----> 35
[1]: 27 ----> 53
[1]: 27 ----> 54
[1]: 28 ----> 36
[1]: 28 ----> 38
[1]: 28 ----> 39
[1]: 28 ----> 41
[1]: 28 ----> 55
[1]: 28 ----> 56
[1]: 29 ----> 36
[1]: 29 ----> 37
[1]: 29 ----> 57
[1]: 29 ----> 58
[1]: 30 ----> 37
[1]: 30 ----> 38
[1]: 30 ----> 59
[1]: 30 ----> 60
[1]: 31 ----> 39
[1]: 31 ----> 40
[1]: 31 ----> 42
[1]: 31 ----> 44
[1]: 31 ----> 61
[1]: 31 ----> 62
[1]: 32 ----> 42
[1]: 32 ----> 43
[1]: 32 ----> 63
[1]: 32 ----> 64
[1]: 33 ----> 1
[1]: 33 ----> 3
[1]: 34 ----> 2
[1]: 34 ----> 3
[1]: 35 ----> 0
[1]: 35 ----> 3
[1]: 36 ----> 5
[1]: 36 ----> 7
[1]: 37 ----> 6
[1]: 37 ----> 7
[1]: 38 ----> 4
[1]: 38 ----> 7
[1]: 39 ----> 9
[1]: 39 ----> 11
[1]: 40 ----> 10
[1]: 40 ----> 11
[1]: 41 ----> 8
[1]: 41 ----> 11
[1]: 42 ----> 13
[1]: 42 ----> 15
[1]: 43 ----> 14
[1]: 43 ----> 15
[1]: 44 ----> 12
[1]: 44 ----> 15
[1]: 45 ----> 12
[1]: 46 ----> 14
[1]: 47 ----> 2
[1]: 48 ----> 1
[1]: 49 ----> 1
[1]: 50 ----> 0
[1]: 51 ----> 8
[1]: 52 ----> 10
[1]: 53 ----> 2
[1]: 54 ----> 0
[1]: 55 ----> 4
[1]: 55 ----> 9
[1]: 56 ----> 5
[1]: 56 ----> 8
[1]: 57 ----> 5
[1]: 58 ----> 6
[1]: 59 ----> 6
[1]: 60 ----> 4
[1]: 61 ----> 9
[1]: 61 ----> 13
[1]: 62 ----> 10
[1]: 62 ----> 12
[1]: 63 ----> 13
[1]: 64 ----> 14
Cones:
[0] Max cone size: 3
[0]: 0 <---- 45 (0)
[0]: 0 <---- 35 (-1)
[0]: 0 <---- 50 (0)
[0]: 1 <---- 46 (0)
[0]: 1 <---- 47 (0)
[0]: 1 <---- 33 (-1)
[0]: 2 <---- 34 (-1)
[0]: 2 <---- 48 (0)
[0]: 2 <---- 49 (0)
[0]: 3 <---- 33 (0)
[0]: 3 <---- 34 (0)
[0]: 3 <---- 35 (0)
[0]: 4 <---- 51 (0)
[0]: 4 <---- 38 (-1)
[0]: 4 <---- 56 (0)
[0]: 5 <---- 52 (0)
[0]: 5 <---- 53 (0)
[0]: 5 <---- 36 (-1)
[0]: 6 <---- 37 (-1)
[0]: 6 <---- 54 (0)
[0]: 6 <---- 55 (0)
[0]: 7 <---- 36 (0)
[0]: 7 <---- 37 (0)
[0]: 7 <---- 38 (0)
[0]: 8 <---- 48 (-1)
[0]: 8 <---- 41 (-1)
[0]: 8 <---- 55 (-1)
[0]: 9 <---- 47 (-1)
[0]: 9 <---- 57 (0)
[0]: 9 <---- 39 (-1)
[0]: 10 <---- 40 (-1)
[0]: 10 <---- 58 (0)
[0]: 10 <---- 56 (-1)
[0]: 11 <---- 39 (0)
[0]: 11 <---- 40 (0)
[0]: 11 <---- 41 (0)
[0]: 12 <---- 59 (0)
[0]: 12 <---- 44 (-1)
[0]: 12 <---- 64 (0)
[0]: 13 <---- 60 (0)
[0]: 13 <---- 61 (0)
[0]: 13 <---- 42 (-1)
[0]: 14 <---- 43 (-1)
[0]: 14 <---- 62 (0)
[0]: 14 <---- 63 (0)
[0]: 15 <---- 42 (0)
[0]: 15 <---- 43 (0)
[0]: 15 <---- 44 (0)
[0]: 33 <---- 23 (0)
[0]: 33 <---- 24 (0)
[0]: 34 <---- 24 (0)
[0]: 34 <---- 25 (0)
[0]: 35 <---- 25 (0)
[0]: 35 <---- 23 (0)
[0]: 36 <---- 26 (0)
[0]: 36 <---- 27 (0)
[0]: 37 <---- 27 (0)
[0]: 37 <---- 28 (0)
[0]: 38 <---- 28 (0)
[0]: 38 <---- 26 (0)
[0]: 39 <---- 24 (0)
[0]: 39 <---- 29 (0)
[0]: 40 <---- 29 (0)
[0]: 40 <---- 28 (0)
[0]: 41 <---- 28 (0)
[0]: 41 <---- 24 (0)
[0]: 42 <---- 30 (0)
[0]: 42 <---- 31 (0)
[0]: 43 <---- 31 (0)
[0]: 43 <---- 32 (0)
[0]: 44 <---- 32 (0)
[0]: 44 <---- 30 (0)
[0]: 45 <---- 16 (0)
[0]: 45 <---- 23 (0)
[0]: 46 <---- 23 (0)
[0]: 46 <---- 17 (0)
[0]: 47 <---- 17 (0)
[0]: 47 <---- 24 (0)
[0]: 48 <---- 24 (0)
[0]: 48 <---- 19 (0)
[0]: 49 <---- 19 (0)
[0]: 49 <---- 25 (0)
[0]: 50 <---- 25 (0)
[0]: 50 <---- 16 (0)
[0]: 51 <---- 20 (0)
[0]: 51 <---- 26 (0)
[0]: 52 <---- 26 (0)
[0]: 52 <---- 22 (0)
[0]: 53 <---- 22 (0)
[0]: 53 <---- 27 (0)
[0]: 54 <---- 27 (0)
[0]: 54 <---- 19 (0)
[0]: 55 <---- 19 (0)
[0]: 55 <---- 28 (0)
[0]: 56 <---- 28 (0)
[0]: 56 <---- 20 (0)
[0]: 57 <---- 17 (0)
[0]: 57 <---- 29 (0)
[0]: 58 <---- 29 (0)
[0]: 58 <---- 20 (0)
[0]: 59 <---- 20 (0)
[0]: 59 <---- 30 (0)
[0]: 60 <---- 30 (0)
[0]: 60 <---- 18 (0)
[0]: 61 <---- 18 (0)
[0]: 61 <---- 31 (0)
[0]: 62 <---- 31 (0)
[0]: 62 <---- 21 (0)
[0]: 63 <---- 21 (0)
[0]: 63 <---- 32 (0)
[0]: 64 <---- 32 (0)
[0]: 64 <---- 20 (0)
[1] Max cone size: 3
[1]: 0 <---- 50 (-1)
[1]: 0 <---- 35 (-1)
[1]: 0 <---- 54 (0)
[1]: 1 <---- 49 (-1)
[1]: 1 <---- 48 (-1)
[1]: 1 <---- 33 (-1)
[1]: 2 <---- 34 (-1)
[1]: 2 <---- 47 (-1)
[1]: 2 <---- 53 (0)
[1]: 3 <---- 33 (0)
[1]: 3 <---- 34 (0)
[1]: 3 <---- 35 (0)
[1]: 4 <---- 55 (0)
[1]: 4 <---- 38 (-1)
[1]: 4 <---- 60 (0)
[1]: 5 <---- 56 (0)
[1]: 5 <---- 57 (0)
[1]: 5 <---- 36 (-1)
[1]: 6 <---- 37 (-1)
[1]: 6 <---- 58 (0)
[1]: 6 <---- 59 (0)
[1]: 7 <---- 36 (0)
[1]: 7 <---- 37 (0)
[1]: 7 <---- 38 (0)
[1]: 8 <---- 56 (-1)
[1]: 8 <---- 41 (-1)
[1]: 8 <---- 51 (-1)
[1]: 9 <---- 55 (-1)
[1]: 9 <---- 61 (0)
[1]: 9 <---- 39 (-1)
[1]: 10 <---- 40 (-1)
[1]: 10 <---- 62 (0)
[1]: 10 <---- 52 (-1)
[1]: 11 <---- 39 (0)
[1]: 11 <---- 40 (0)
[1]: 11 <---- 41 (0)
[1]: 12 <---- 62 (-1)
[1]: 12 <---- 44 (-1)
[1]: 12 <---- 45 (-1)
[1]: 13 <---- 61 (-1)
[1]: 13 <---- 63 (0)
[1]: 13 <---- 42 (-1)
[1]: 14 <---- 43 (-1)
[1]: 14 <---- 64 (0)
[1]: 14 <---- 46 (-1)
[1]: 15 <---- 42 (0)
[1]: 15 <---- 43 (0)
[1]: 15 <---- 44 (0)
[1]: 33 <---- 25 (0)
[1]: 33 <---- 24 (0)
[1]: 34 <---- 24 (0)
[1]: 34 <---- 27 (0)
[1]: 35 <---- 27 (0)
[1]: 35 <---- 25 (0)
[1]: 36 <---- 28 (0)
[1]: 36 <---- 29 (0)
[1]: 37 <---- 29 (0)
[1]: 37 <---- 30 (0)
[1]: 38 <---- 30 (0)
[1]: 38 <---- 28 (0)
[1]: 39 <---- 28 (0)
[1]: 39 <---- 31 (0)
[1]: 40 <---- 31 (0)
[1]: 40 <---- 26 (0)
[1]: 41 <---- 26 (0)
[1]: 41 <---- 28 (0)
[1]: 42 <---- 31 (0)
[1]: 42 <---- 32 (0)
[1]: 43 <---- 32 (0)
[1]: 43 <---- 23 (0)
[1]: 44 <---- 23 (0)
[1]: 44 <---- 31 (0)
[1]: 45 <---- 18 (0)
[1]: 45 <---- 23 (0)
[1]: 46 <---- 23 (0)
[1]: 46 <---- 20 (0)
[1]: 47 <---- 16 (0)
[1]: 47 <---- 24 (0)
[1]: 48 <---- 24 (0)
[1]: 48 <---- 18 (0)
[1]: 49 <---- 18 (0)
[1]: 49 <---- 25 (0)
[1]: 50 <---- 25 (0)
[1]: 50 <---- 17 (0)
[1]: 51 <---- 19 (0)
[1]: 51 <---- 26 (0)
[1]: 52 <---- 26 (0)
[1]: 52 <---- 18 (0)
[1]: 53 <---- 16 (0)
[1]: 53 <---- 27 (0)
[1]: 54 <---- 27 (0)
[1]: 54 <---- 17 (0)
[1]: 55 <---- 21 (0)
[1]: 55 <---- 28 (0)
[1]: 56 <---- 28 (0)
[1]: 56 <---- 19 (0)
[1]: 57 <---- 19 (0)
[1]: 57 <---- 29 (0)
[1]: 58 <---- 29 (0)
[1]: 58 <---- 22 (0)
[1]: 59 <---- 22 (0)
[1]: 59 <---- 30 (0)
[1]: 60 <---- 30 (0)
[1]: 60 <---- 21 (0)
[1]: 61 <---- 21 (0)
[1]: 61 <---- 31 (0)
[1]: 62 <---- 31 (0)
[1]: 62 <---- 18 (0)
[1]: 63 <---- 21 (0)
[1]: 63 <---- 32 (0)
[1]: 64 <---- 32 (0)
[1]: 64 <---- 20 (0)
coordinates with 1 fields
  field 0 with 2 components
Process 0:
  (  16) dim  2 offset   0 0. 0.
  (  17) dim  2 offset   2 0.5 0.
  (  18) dim  2 offset   4 1. 0.
  (  19) dim  2 offset   6 0. 0.5
  (  20) dim  2 offset   8 0.5 0.5
  (  21) dim  2 offset  10 1. 0.5
  (  22) dim  2 offset  12 0. 1.
  (  23) dim  2 offset  14 0.25 0.
  (  24) dim  2 offset  16 0.25 0.25
  (  25) dim  2 offset  18 0. 0.25
  (  26) dim  2 offset  20 0.25 0.75
  (  27) dim  2 offset  22 0. 0.75
  (  28) dim  2 offset  24 0.25 0.5
  (  29) dim  2 offset  26 0.5 0.25
  (  30) dim  2 offset  28 0.75 0.25
  (  31) dim  2 offset  30 1. 0.25
  (  32) dim  2 offset  32 0.75 0.5
Process 1:
  (  16) dim  2 offset   0 0.5 0.
  (  17) dim  2 offset   2 1. 0.
  (  18) dim  2 offset   4 0.5 0.5
  (  19) dim  2 offset   6 1. 0.5
  (  20) dim  2 offset   8 0. 1.
  (  21) dim  2 offset  10 0.5 1.
  (  22) dim  2 offset  12 1. 1.
  (  23) dim  2 offset  14 0.25 0.75
  (  24) dim  2 offset  16 0.5 0.25
  (  25) dim  2 offset  18 0.75 0.25
  (  26) dim  2 offset  20 0.75 0.5
  (  27) dim  2 offset  22 0.75 0.
  (  28) dim  2 offset  24 0.75 0.75
  (  29) dim  2 offset  26 1. 0.75
  (  30) dim  2 offset  28 0.75 1.
  (  31) dim  2 offset  30 0.5 0.75
  (  32) dim  2 offset  32 0.25 1.
Labels:
Label 'celltype':
[0]: 33 (1)
[0]: 34 (1)
[0]: 35 (1)
[0]: 36 (1)
[0]: 37 (1)
[0]: 38 (1)
[0]: 39 (1)
[0]: 40 (1)
[0]: 41 (1)
[0]: 42 (1)
[0]: 43 (1)
[0]: 44 (1)
[0]: 45 (1)
[0]: 46 (1)
[0]: 47 (1)
[0]: 48 (1)
[0]: 49 (1)
[0]: 50 (1)
[0]: 51 (1)
[0]: 52 (1)
[0]: 53 (1)
[0]: 54 (1)
[0]: 55 (1)
[0]: 56 (1)
[0]: 57 (1)
[0]: 58 (1)
[0]: 59 (1)
[0]: 60 (1)
[0]: 61 (1)
[0]: 62 (1)
[0]: 63 (1)
[0]: 64 (1)
[0]: 0 (3)
[0]: 1 (3)
[0]: 2 (3)
[0]: 3 (3)
[0]: 4 (3)
[0]: 5 (3)
[0]: 6 (3)
[0]: 7 (3)
[0]: 8 (3)
[0]: 9 (3)
[0]: 10 (3)
[0]: 11 (3)
[0]: 12 (3)
[0]: 13 (3)
[0]: 14 (3)
[0]: 15 (3)
[0]: 16 (0)
[0]: 17 (0)
[0]: 18 (0)
[0]: 19 (0)
[0]: 20 (0)
[0]: 21 (0)
[0]: 22 (0)
[0]: 23 (0)
[0]: 24 (0)
[0]: 25 (0)
[0]: 26 (0)
[0]: 27 (0)
[0]: 28 (0)
[0]: 29 (0)
[0]: 30 (0)
[0]: 31 (0)
[0]: 32 (0)
[1]: 33 (1)
[1]: 34 (1)
[1]: 35 (1)
[1]: 36 (1)
[1]: 37 (1)
[1]: 38 (1)
[1]: 39 (1)
[1]: 40 (1)
[1]: 41 (1)
[1]: 42 (1)
[1]: 43 (1)
[1]: 44 (1)
[1]: 45 (1)
[1]: 46 (1)
[1]: 47 (1)
[1]: 48 (1)
[1]: 49 (1)
[1]: 50 (1)
[1]: 51 (1)
[1]: 52 (1)
[1]: 53 (1)
[1]: 54 (1)
[1]: 55 (1)
[1]: 56 (1)
[1]: 57 (1)
[1]: 58 (1)
[1]: 59 (1)
[1]: 60 (1)
[1]: 61 (1)
[1]: 62 (1)
[1]: 63 (1)
[1]: 64 (1)
[1]: 0 (3)
[1]: 1 (3)
[1]: 2 (3)
[1]: 3 (3)
[1]: 4 (3)
[1]: 5 (3)
[1]: 6 (3)
[1]: 7 (3)
[1]: 8 (3)
[1]: 9 (3)
[1]: 10 (3)
[1]: 11 (3)
[1]: 12 (3)
[1]: 13 (3)
[1]: 14 (3)
[1]: 15 (3)
[1]: 16 (0)
[1]: 17 (0)
[1]: 18 (0)
[1]: 19 (0)
[1]: 20 (0)
[1]: 21 (0)
[1]: 22 (0)
[1]: 23 (0)
[1]: 24 (0)
[1]: 25 (0)
[1]: 26 (0)
[1]: 27 (0)
[1]: 28 (0)
[1]: 29 (0)
[1]: 30 (0)
[1]: 31 (0)
[1]: 32 (0)
Label 'marker':
[0]: 16 (1)
[0]: 17 (1)
[0]: 18 (1)
[0]: 19 (1)
[0]: 21 (1)
[0]: 22 (1)
[0]: 23 (1)
[0]: 25 (1)
[0]: 27 (1)
[0]: 31 (1)
[0]: 45 (1)
[0]: 46 (1)
[0]: 49 (1)
[0]: 50 (1)
[0]: 53 (1)
[0]: 54 (1)
[0]: 61 (1)
[0]: 62 (1)
[1]: 16 (1)
[1]: 17 (1)
[1]: 19 (1)
[1]: 20 (1)
[1]: 21 (1)
[1]: 22 (1)
[1]: 27 (1)
[1]: 29 (1)
[1]: 30 (1)
[1]: 32 (1)
[1]: 53 (1)
[1]: 54 (1)
[1]: 57 (1)
[1]: 58 (1)
[1]: 59 (1)
[1]: 60 (1)
[1]: 63 (1)
[1]: 64 (1)
Label 'Face Sets':
[0]: 23 (1)
[0]: 25 (1)
[0]: 27 (1)
[0]: 31 (1)
[0]: 45 (1)
[0]: 46 (1)
[0]: 49 (1)
[0]: 50 (1)
[0]: 53 (1)
[0]: 54 (1)
[0]: 61 (1)
[0]: 62 (1)
[1]: 27 (1)
[1]: 29 (1)
[1]: 30 (1)
[1]: 32 (1)
[1]: 53 (1)
[1]: 54 (1)
[1]: 57 (1)
[1]: 58 (1)
[1]: 59 (1)
[1]: 60 (1)
[1]: 63 (1)
[1]: 64 (1)
PetscSF Object: 2 MPI processes
  type: basic
  [0] Number of roots=65, leaves=17, remote ranks=1
  [0] 17 <- (1,16)
  [0] 18 <- (1,17)
  [0] 20 <- (1,18)
  [0] 21 <- (1,19)
  [0] 22 <- (1,20)
  [0] 26 <- (1,23)
  [0] 29 <- (1,24)
  [0] 30 <- (1,25)
  [0] 32 <- (1,26)
  [0] 51 <- (1,45)
  [0] 52 <- (1,46)
  [0] 57 <- (1,47)
  [0] 58 <- (1,48)
  [0] 59 <- (1,49)
  [0] 60 <- (1,50)
  [0] 63 <- (1,51)
  [0] 64 <- (1,52)
  [1] Number of roots=65, leaves=0, remote ranks=0
  [0] Roots referenced by my leaves, by rank
  [0] 1: 17 edges
  [0]    17 <- 16
  [0]    18 <- 17
  [0]    20 <- 18
  [0]    21 <- 19
  [0]    22 <- 20
  [0]    26 <- 23
  [0]    29 <- 24
  [0]    30 <- 25
  [0]    32 <- 26
  [0]    51 <- 45
  [0]    52 <- 46
  [0]    57 <- 47
  [0]    58 <- 48
  [0]    59 <- 49
  [0]    60 <- 50
  [0]    63 <- 51
  [0]    64 <- 52
  [1] Roots referenced by my leaves, by rank
  MultiSF sort=rank-order
