DM Object: Generated Mesh 1 MPI processes
  type: plex
Generated Mesh in 3 dimensions:
  Number of 0-cells per rank: 75
  Number of 1-cells per rank: 182
  Number of 2-cells per rank: 148
  Number of 3-cells per rank: 40
Labels:
  celltype: 4 strata with value/size (0 (75), 1 (182), 4 (148), 7 (40))
  depth: 4 strata with value/size (0 (75), 1 (182), 2 (148), 3 (40))
