# vtk DataFile Version 2.0
Generated Mesh
ASCII
DATASET UNSTRUCTURED_GRID
POINTS 8 double
0.000000e+00 0.000000e+00 0.000000e+00
0.000000e+00 0.000000e+00 1.000000e+00
1.000000e+00 0.000000e+00 0.000000e+00
1.000000e+00 0.000000e+00 1.000000e+00
0.000000e+00 1.000000e+00 0.000000e+00
0.000000e+00 1.000000e+00 1.000000e+00
1.000000e+00 1.000000e+00 0.000000e+00
1.000000e+00 1.000000e+00 1.000000e+00
CELLS 2 14
6  4 0 2 5 1 3
6  2 6 4 3 7 5
CELL_TYPES 2
13
13
