DM Object: Parallel Mesh () 2 MPI processes
  type: plex
Parallel Mesh in 3 dimensions:
  Number of 0-cells per rank: 125 0
  Number of 1-cells per rank: 300 0
  Number of 2-cells per rank: 240 0
  Number of 3-cells per rank: 64 0
Labels:
  celltype: 4 strata with value/size (0 (125), 1 (300), 4 (240), 7 (64))
  depth: 4 strata with value/size (0 (125), 1 (300), 2 (240), 3 (64))
  marker: 1 strata with value/size (1 (378))
  Face Sets: 6 strata with value/size (1 (49), 2 (49), 3 (49), 4 (49), 5 (49), 6 (49))
DM Object: Parallel Mesh 2 MPI processes
  type: plex
Parallel Mesh in 3 dimensions:
  Number of 0-cells per rank: 75 75
  Number of 1-cells per rank: 170 170
  Number of 2-cells per rank: 128 128
  Number of 3-cells per rank: 32 32
Labels:
  depth: 4 strata with value/size (0 (75), 1 (170), 2 (128), 3 (32))
  celltype: 4 strata with value/size (0 (75), 1 (170), 4 (128), 7 (32))
  marker: 1 strata with value/size (1 (205))
  Face Sets: 5 strata with value/size (1 (49), 3 (28), 4 (28), 5 (28), 6 (28))
