DM Object: box 1 MPI processes
  type: plex
box in 2 dimensions:
Supports:
[0] Max support size: 7
[0]: 18 ----> 34
[0]: 18 ----> 36
[0]: 18 ----> 40
[0]: 18 ----> 42
[0]: 18 ----> 41
[0]: 19 ----> 34
[0]: 19 ----> 35
[0]: 20 ----> 35
[0]: 20 ----> 36
[0]: 20 ----> 37
[0]: 20 ----> 38
[0]: 21 ----> 37
[0]: 21 ----> 40
[0]: 21 ----> 39
[0]: 21 ----> 46
[0]: 21 ----> 45
[0]: 22 ----> 38
[0]: 22 ----> 39
[0]: 22 ----> 44
[0]: 22 ----> 47
[0]: 23 ----> 49
[0]: 23 ----> 43
[0]: 23 ----> 41
[0]: 24 ----> 46
[0]: 24 ----> 42
[0]: 24 ----> 43
[0]: 24 ----> 50
[0]: 24 ----> 54
[0]: 24 ----> 57
[0]: 24 ----> 51
[0]: 25 ----> 45
[0]: 25 ----> 51
[0]: 25 ----> 44
[0]: 25 ----> 48
[0]: 25 ----> 53
[0]: 25 ----> 59
[0]: 25 ----> 56
[0]: 26 ----> 47
[0]: 26 ----> 48
[0]: 26 ----> 52
[0]: 27 ----> 49
[0]: 27 ----> 50
[0]: 27 ----> 55
[0]: 28 ----> 52
[0]: 28 ----> 53
[0]: 28 ----> 58
[0]: 29 ----> 54
[0]: 29 ----> 55
[0]: 29 ----> 60
[0]: 29 ----> 63
[0]: 30 ----> 57
[0]: 30 ----> 60
[0]: 30 ----> 62
[0]: 30 ----> 61
[0]: 30 ----> 56
[0]: 31 ----> 58
[0]: 31 ----> 59
[0]: 31 ----> 61
[0]: 31 ----> 64
[0]: 31 ----> 65
[0]: 32 ----> 62
[0]: 32 ----> 63
[0]: 32 ----> 64
[0]: 32 ----> 66
[0]: 33 ----> 65
[0]: 33 ----> 66
[0]: 34 ----> 0
[0]: 35 ----> 0
[0]: 36 ----> 0
[0]: 36 ----> 2
[0]: 37 ----> 2
[0]: 37 ----> 1
[0]: 38 ----> 1
[0]: 39 ----> 1
[0]: 39 ----> 4
[0]: 40 ----> 2
[0]: 40 ----> 5
[0]: 41 ----> 3
[0]: 42 ----> 5
[0]: 42 ----> 3
[0]: 43 ----> 7
[0]: 43 ----> 3
[0]: 44 ----> 4
[0]: 44 ----> 6
[0]: 45 ----> 8
[0]: 45 ----> 4
[0]: 46 ----> 5
[0]: 46 ----> 8
[0]: 47 ----> 6
[0]: 48 ----> 6
[0]: 48 ----> 9
[0]: 49 ----> 7
[0]: 50 ----> 7
[0]: 50 ----> 10
[0]: 51 ----> 8
[0]: 51 ----> 11
[0]: 52 ----> 9
[0]: 53 ----> 9
[0]: 53 ----> 12
[0]: 54 ----> 10
[0]: 54 ----> 13
[0]: 55 ----> 10
[0]: 56 ----> 14
[0]: 56 ----> 11
[0]: 57 ----> 13
[0]: 57 ----> 11
[0]: 58 ----> 12
[0]: 59 ----> 12
[0]: 59 ----> 14
[0]: 60 ----> 13
[0]: 60 ----> 15
[0]: 61 ----> 16
[0]: 61 ----> 14
[0]: 62 ----> 15
[0]: 62 ----> 16
[0]: 63 ----> 15
[0]: 64 ----> 16
[0]: 64 ----> 17
[0]: 65 ----> 17
[0]: 66 ----> 17
Cones:
[0] Max cone size: 3
[0]: 0 <---- 34 (0)
[0]: 0 <---- 35 (0)
[0]: 0 <---- 36 (0)
[0]: 1 <---- 37 (-1)
[0]: 1 <---- 38 (0)
[0]: 1 <---- 39 (0)
[0]: 2 <---- 37 (0)
[0]: 2 <---- 40 (0)
[0]: 2 <---- 36 (-1)
[0]: 3 <---- 41 (0)
[0]: 3 <---- 42 (-1)
[0]: 3 <---- 43 (-1)
[0]: 4 <---- 44 (0)
[0]: 4 <---- 45 (-1)
[0]: 4 <---- 39 (-1)
[0]: 5 <---- 40 (-1)
[0]: 5 <---- 46 (0)
[0]: 5 <---- 42 (0)
[0]: 6 <---- 44 (-1)
[0]: 6 <---- 47 (0)
[0]: 6 <---- 48 (0)
[0]: 7 <---- 49 (0)
[0]: 7 <---- 43 (0)
[0]: 7 <---- 50 (0)
[0]: 8 <---- 45 (0)
[0]: 8 <---- 51 (0)
[0]: 8 <---- 46 (-1)
[0]: 9 <---- 52 (0)
[0]: 9 <---- 53 (0)
[0]: 9 <---- 48 (-1)
[0]: 10 <---- 54 (0)
[0]: 10 <---- 55 (0)
[0]: 10 <---- 50 (-1)
[0]: 11 <---- 56 (-1)
[0]: 11 <---- 57 (-1)
[0]: 11 <---- 51 (-1)
[0]: 12 <---- 53 (-1)
[0]: 12 <---- 58 (0)
[0]: 12 <---- 59 (0)
[0]: 13 <---- 54 (-1)
[0]: 13 <---- 57 (0)
[0]: 13 <---- 60 (0)
[0]: 14 <---- 56 (0)
[0]: 14 <---- 59 (-1)
[0]: 14 <---- 61 (-1)
[0]: 15 <---- 62 (0)
[0]: 15 <---- 63 (0)
[0]: 15 <---- 60 (-1)
[0]: 16 <---- 62 (-1)
[0]: 16 <---- 61 (0)
[0]: 16 <---- 64 (0)
[0]: 17 <---- 65 (0)
[0]: 17 <---- 66 (0)
[0]: 17 <---- 64 (-1)
[0]: 34 <---- 18 (0)
[0]: 34 <---- 19 (0)
[0]: 35 <---- 19 (0)
[0]: 35 <---- 20 (0)
[0]: 36 <---- 20 (0)
[0]: 36 <---- 18 (0)
[0]: 37 <---- 20 (0)
[0]: 37 <---- 21 (0)
[0]: 38 <---- 20 (0)
[0]: 38 <---- 22 (0)
[0]: 39 <---- 22 (0)
[0]: 39 <---- 21 (0)
[0]: 40 <---- 21 (0)
[0]: 40 <---- 18 (0)
[0]: 41 <---- 23 (0)
[0]: 41 <---- 18 (0)
[0]: 42 <---- 24 (0)
[0]: 42 <---- 18 (0)
[0]: 43 <---- 23 (0)
[0]: 43 <---- 24 (0)
[0]: 44 <---- 22 (0)
[0]: 44 <---- 25 (0)
[0]: 45 <---- 21 (0)
[0]: 45 <---- 25 (0)
[0]: 46 <---- 21 (0)
[0]: 46 <---- 24 (0)
[0]: 47 <---- 22 (0)
[0]: 47 <---- 26 (0)
[0]: 48 <---- 26 (0)
[0]: 48 <---- 25 (0)
[0]: 49 <---- 27 (0)
[0]: 49 <---- 23 (0)
[0]: 50 <---- 24 (0)
[0]: 50 <---- 27 (0)
[0]: 51 <---- 25 (0)
[0]: 51 <---- 24 (0)
[0]: 52 <---- 26 (0)
[0]: 52 <---- 28 (0)
[0]: 53 <---- 28 (0)
[0]: 53 <---- 25 (0)
[0]: 54 <---- 24 (0)
[0]: 54 <---- 29 (0)
[0]: 55 <---- 29 (0)
[0]: 55 <---- 27 (0)
[0]: 56 <---- 30 (0)
[0]: 56 <---- 25 (0)
[0]: 57 <---- 24 (0)
[0]: 57 <---- 30 (0)
[0]: 58 <---- 28 (0)
[0]: 58 <---- 31 (0)
[0]: 59 <---- 31 (0)
[0]: 59 <---- 25 (0)
[0]: 60 <---- 30 (0)
[0]: 60 <---- 29 (0)
[0]: 61 <---- 30 (0)
[0]: 61 <---- 31 (0)
[0]: 62 <---- 30 (0)
[0]: 62 <---- 32 (0)
[0]: 63 <---- 32 (0)
[0]: 63 <---- 29 (0)
[0]: 64 <---- 31 (0)
[0]: 64 <---- 32 (0)
[0]: 65 <---- 31 (0)
[0]: 65 <---- 33 (0)
[0]: 66 <---- 33 (0)
[0]: 66 <---- 32 (0)
coordinates with 1 fields
  field 0 with 2 components
Process 0:
  (   0) dim  0 offset   0
  (   1) dim  0 offset   0
  (   2) dim  0 offset   0
  (   3) dim  0 offset   0
  (   4) dim  0 offset   0
  (   5) dim  0 offset   0
  (   6) dim  0 offset   0
  (   7) dim  0 offset   0
  (   8) dim  0 offset   0
  (   9) dim  0 offset   0
  (  10) dim  0 offset   0
  (  11) dim  0 offset   0
  (  12) dim  0 offset   0
  (  13) dim  0 offset   0
  (  14) dim  0 offset   0
  (  15) dim  0 offset   0
  (  16) dim  0 offset   0
  (  17) dim  0 offset   0
  (  18) dim  2 offset   0 0. 0.333333
  (  19) dim  2 offset   2 0. 0.
  (  20) dim  2 offset   4 0.333333 0.
  (  21) dim  2 offset   6 0.333333 0.333333
  (  22) dim  2 offset   8 0.666667 0.
  (  23) dim  2 offset  10 0. 0.666667
  (  24) dim  2 offset  12 0.333333 0.666667
  (  25) dim  2 offset  14 0.666667 0.333333
  (  26) dim  2 offset  16 1. 0.
  (  27) dim  2 offset  18 0. 1.
  (  28) dim  2 offset  20 1. 0.333333
  (  29) dim  2 offset  22 0.333333 1.
  (  30) dim  2 offset  24 0.666667 0.666667
  (  31) dim  2 offset  26 1. 0.666667
  (  32) dim  2 offset  28 0.666667 1.
  (  33) dim  2 offset  30 1. 1.
  (  34) dim  0 offset  32
  (  35) dim  0 offset  32
  (  36) dim  0 offset  32
  (  37) dim  0 offset  32
  (  38) dim  0 offset  32
  (  39) dim  0 offset  32
  (  40) dim  0 offset  32
  (  41) dim  0 offset  32
  (  42) dim  0 offset  32
  (  43) dim  0 offset  32
  (  44) dim  0 offset  32
  (  45) dim  0 offset  32
  (  46) dim  0 offset  32
  (  47) dim  0 offset  32
  (  48) dim  0 offset  32
  (  49) dim  0 offset  32
  (  50) dim  0 offset  32
  (  51) dim  0 offset  32
  (  52) dim  0 offset  32
  (  53) dim  0 offset  32
  (  54) dim  0 offset  32
  (  55) dim  0 offset  32
  (  56) dim  0 offset  32
  (  57) dim  0 offset  32
  (  58) dim  0 offset  32
  (  59) dim  0 offset  32
  (  60) dim  0 offset  32
  (  61) dim  0 offset  32
  (  62) dim  0 offset  32
  (  63) dim  0 offset  32
  (  64) dim  0 offset  32
  (  65) dim  0 offset  32
  (  66) dim  0 offset  32
Labels:
Label 'celltype':
[0]: 18 (0)
[0]: 19 (0)
[0]: 20 (0)
[0]: 21 (0)
[0]: 22 (0)
[0]: 23 (0)
[0]: 24 (0)
[0]: 25 (0)
[0]: 26 (0)
[0]: 27 (0)
[0]: 28 (0)
[0]: 29 (0)
[0]: 30 (0)
[0]: 31 (0)
[0]: 32 (0)
[0]: 33 (0)
[0]: 0 (3)
[0]: 1 (3)
[0]: 2 (3)
[0]: 3 (3)
[0]: 4 (3)
[0]: 5 (3)
[0]: 6 (3)
[0]: 7 (3)
[0]: 8 (3)
[0]: 9 (3)
[0]: 10 (3)
[0]: 11 (3)
[0]: 12 (3)
[0]: 13 (3)
[0]: 14 (3)
[0]: 15 (3)
[0]: 16 (3)
[0]: 17 (3)
[0]: 34 (1)
[0]: 35 (1)
[0]: 36 (1)
[0]: 37 (1)
[0]: 38 (1)
[0]: 39 (1)
[0]: 40 (1)
[0]: 41 (1)
[0]: 42 (1)
[0]: 43 (1)
[0]: 44 (1)
[0]: 45 (1)
[0]: 46 (1)
[0]: 47 (1)
[0]: 48 (1)
[0]: 49 (1)
[0]: 50 (1)
[0]: 51 (1)
[0]: 52 (1)
[0]: 53 (1)
[0]: 54 (1)
[0]: 55 (1)
[0]: 56 (1)
[0]: 57 (1)
[0]: 58 (1)
[0]: 59 (1)
[0]: 60 (1)
[0]: 61 (1)
[0]: 62 (1)
[0]: 63 (1)
[0]: 64 (1)
[0]: 65 (1)
[0]: 66 (1)
Label 'marker':
[0]: 18 (1)
[0]: 19 (1)
[0]: 20 (1)
[0]: 22 (1)
[0]: 23 (1)
[0]: 26 (1)
[0]: 27 (1)
[0]: 28 (1)
[0]: 29 (1)
[0]: 31 (1)
[0]: 32 (1)
[0]: 33 (1)
[0]: 34 (1)
[0]: 35 (1)
[0]: 38 (1)
[0]: 41 (1)
[0]: 47 (1)
[0]: 49 (1)
[0]: 52 (1)
[0]: 55 (1)
[0]: 58 (1)
[0]: 63 (1)
[0]: 65 (1)
[0]: 66 (1)
Label 'Face Sets':
[0]: 34 (1)
[0]: 35 (1)
[0]: 38 (1)
[0]: 41 (1)
[0]: 47 (1)
[0]: 49 (1)
[0]: 52 (1)
[0]: 55 (1)
[0]: 58 (1)
[0]: 63 (1)
[0]: 65 (1)
[0]: 66 (1)
