DM Object: Parallel Mesh 2 MPI processes
  type: plex
Parallel Mesh in 3 dimensions:
  Number of 0-cells per rank: 11 11
  Number of 1-cells per rank: 20 20 (3)
  Number of 2-cells per rank: 15 13 (3)
  Number of 3-cells per rank: 4 3 (1)
Labels:
  celltype: 4 strata with value/size (0 (11), 1 (20), 3 (15), 6 (4))
  depth: 4 strata with value/size (0 (11), 1 (20), 2 (15), 3 (4))
  fault: 1 strata with value/size (1 (6))
  vtk: 1 strata with value/size (1 (4))
DM Object: Hybrid Mesh 2 MPI processes
  type: plex
Hybrid Mesh in 3 dimensions:
  Number of 0-cells per rank: 31 28
  Number of 1-cells per rank: 89 72 (6)
  Number of 2-cells per rank: 92 65 (9)
  Number of 3-cells per rank: 32 20 (4)
Labels:
  celltype: 4 strata with value/size (1 (89), 3 (92), 6 (32), 0 (31))
  depth: 4 strata with value/size (0 (31), 1 (89), 2 (92), 3 (32))
  fault: 1 strata with value/size (1 (6))
  vtk: 1 strata with value/size (1 (68))
