PetscFE Object: Q1 1 MPI processes
  type: basic
  Basic Finite Element in 3 dimensions with 3 components
  PetscSpace Object: Q1 1 MPI processes
    type: sum
    Space in 3 variables with 3 components, size 24
    Sum space of 3 concatenated subspaces (all identical)
      PetscSpace Object: sum component (sumcomp_) 1 MPI processes
        type: tensor
        Space in 3 variables with 1 components, size 8
        Tensor space of 3 subspaces (all identical)
          PetscSpace Object: sum component tensor component (sumcomp_tensorcomp_) 1 MPI processes
            type: poly
            Space in 1 variables with 1 components, size 2
            Polynomial space of degree 1
  PetscDualSpace Object: Q1 1 MPI processes
    type: lagrange
    Dual space with 3 components, size 24
    Continuous tensor Lagrange dual space
    Quadrature of order 3 on 8 points (dim 3)
PetscFE Object: Q1 1 MPI processes
  type: basic
  Basic Finite Element in 3 dimensions with 3 components
  PetscSpace Object: Q1 1 MPI processes
    type: sum
    Space in 3 variables with 3 components, size 24
    Sum space of 3 concatenated subspaces (all identical)
      PetscSpace Object: sum component (sumcomp_) 1 MPI processes
        type: tensor
        Space in 3 variables with 1 components, size 8
        Tensor space of 3 subspaces (all identical)
          PetscSpace Object: sum component tensor component (sumcomp_tensorcomp_) 1 MPI processes
            type: poly
            Space in 1 variables with 1 components, size 2
            Polynomial space of degree 1
  PetscDualSpace Object: Q1 1 MPI processes
    type: lagrange
    Dual space with 3 components, size 24
    Continuous tensor Lagrange dual space
    Quadrature of order 3 on 8 points (dim 3)
