Iteration 0: Time= 0.000984632
Iteration 1: Time= 0.000626095
Iteration 2: Time= 0.000518462
Iteration 3: Time= 0.000502197
Iteration 4: Time= 0.000504304
Iteration 5: Time= 0.000509289
Iteration 6: Time= 0.000502191
Iteration 7: Time= 0.000495224
Iteration 8: Time= 0.000492926
Iteration 9: Time= 0.000492527
