DM Object: box 1 MPI processes
  type: plex
box in 3 dimensions:
  Number of 0-cells per rank: 27
  Number of 1-cells per rank: 98
  Number of 2-cells per rank: 120
  Number of 3-cells per rank: 48
Labels:
  celltype: 4 strata with value/size (0 (27), 6 (48), 3 (120), 1 (98))
  depth: 4 strata with value/size (0 (27), 1 (98), 2 (120), 3 (48))
DM Object: Particles 1 MPI processes
  type: swarm
DMSwarmDataBucketView: 
  L                  = 48 
  buffer             = 0 
  allocated          = 48 
  nfields registered = 5 
                            blocksize        = 1 
                            blocksize        = 1 
                            blocksize        = 3 
                            blocksize        = 1 
                            blocksize        = 1 
L2 projection mass:     7.2036954022e+01, x-momentum:     3.8528953829e+01, energy:     7.8313183708e+01.
L2 projection mass:     7.2036954022e+01, x-momentum:     3.8528953829e+01, energy:     7.8313183708e+01.
L2 projection mass:     7.2036954022e+01, x-momentum:     3.8528953829e+01, energy:     7.8313183708e+01.
